00:00:54 **** Incremental Build of configuration build for project adc_st ****
make -j24 all 
arm-none-eabi-gcc "../usr/src/main.c" -mcpu=cortex-m3 -std=gnu11 -g3 -DDEBUG -c -I"D:/fpga/proj/mcu_project/adc_st/usr/sys" -I"D:/fpga/proj/mcu_project/adc_st/usr/src" -I"D:/fpga/proj/mcu_project/adc_st/drivers/core" -I"D:/fpga/proj/mcu_project/adc_st/drivers/peripheral" -Os -ffunction-sections -fdata-sections -Wall -Wextra -fstack-usage -fcyclomatic-complexity -MMD -MP -MF"usr/src/main.d" -MT"usr/src/main.o" --specs=nano.specs -mfloat-abi=soft -mthumb -o "usr/src/main.o"
arm-none-eabi-gcc "../usr/src/scd_reg.c" -mcpu=cortex-m3 -std=gnu11 -g3 -DDEBUG -c -I"D:/fpga/proj/mcu_project/adc_st/usr/sys" -I"D:/fpga/proj/mcu_project/adc_st/usr/src" -I"D:/fpga/proj/mcu_project/adc_st/drivers/core" -I"D:/fpga/proj/mcu_project/adc_st/drivers/peripheral" -Os -ffunction-sections -fdata-sections -Wall -Wextra -fstack-usage -fcyclomatic-complexity -MMD -MP -MF"usr/src/scd_reg.d" -MT"usr/src/scd_reg.o" --specs=nano.specs -mfloat-abi=soft -mthumb -o "usr/src/scd_reg.o"
arm-none-eabi-gcc -o "adc_st.elf" @"objects.list"   -mcpu=cortex-m3 -T"D:\fpga\proj\mcu_project\adc_st\gw1ns4c_flash.ld" --specs=nosys.specs -Wl,-Map="adc_st.map" -Wl,--gc-sections -static --specs=nano.specs -mfloat-abi=soft -mthumb -Wl,--start-group -lc -lm -Wl,--end-group
Finished building target: adc_st.elf
 
arm-none-eabi-size  adc_st.elf 
arm-none-eabi-objdump -h -S adc_st.elf  > "adc_st.list"
   text	   data	    bss	    dec	    hex	filename
   6128	     32	    244	   6404	   1904	adc_st.elf
arm-none-eabi-objcopy  -O binary adc_st.elf  "adc_st.bin"
Finished building: default.size.stdout
 
Finished building: adc_st.list
Finished building: adc_st.bin
 
 

00:00:54 Build Finished. 0 errors, 0 warnings. (took 410ms)

