Archive member included to satisfy reference by file (symbol)

C:/ST/STM32CubeIDE_1.14.1/STM32CubeIDE/plugins/com.st.stm32cube.ide.mcu.externaltools.gnu-tools-for-stm32.11.3.rel1.win32_1.1.100.202309141235/tools/bin/../lib/gcc/arm-none-eabi/11.3.1/../../../../arm-none-eabi/lib/thumb/v7-m/nofp\libc_nano.a(libc_a-exit.o)
                              C:/ST/STM32CubeIDE_1.14.1/STM32CubeIDE/plugins/com.st.stm32cube.ide.mcu.externaltools.gnu-tools-for-stm32.11.3.rel1.win32_1.1.100.202309141235/tools/bin/../lib/gcc/arm-none-eabi/11.3.1/../../../../arm-none-eabi/lib/thumb/v7-m/nofp/crt0.o (exit)
C:/ST/STM32CubeIDE_1.14.1/STM32CubeIDE/plugins/com.st.stm32cube.ide.mcu.externaltools.gnu-tools-for-stm32.11.3.rel1.win32_1.1.100.202309141235/tools/bin/../lib/gcc/arm-none-eabi/11.3.1/../../../../arm-none-eabi/lib/thumb/v7-m/nofp\libc_nano.a(libc_a-findfp.o)
                              C:/ST/STM32CubeIDE_1.14.1/STM32CubeIDE/plugins/com.st.stm32cube.ide.mcu.externaltools.gnu-tools-for-stm32.11.3.rel1.win32_1.1.100.202309141235/tools/bin/../lib/gcc/arm-none-eabi/11.3.1/../../../../arm-none-eabi/lib/thumb/v7-m/nofp\libc_nano.a(libc_a-exit.o) (__stdio_exit_handler)
C:/ST/STM32CubeIDE_1.14.1/STM32CubeIDE/plugins/com.st.stm32cube.ide.mcu.externaltools.gnu-tools-for-stm32.11.3.rel1.win32_1.1.100.202309141235/tools/bin/../lib/gcc/arm-none-eabi/11.3.1/../../../../arm-none-eabi/lib/thumb/v7-m/nofp\libc_nano.a(libc_a-fwalk.o)
                              C:/ST/STM32CubeIDE_1.14.1/STM32CubeIDE/plugins/com.st.stm32cube.ide.mcu.externaltools.gnu-tools-for-stm32.11.3.rel1.win32_1.1.100.202309141235/tools/bin/../lib/gcc/arm-none-eabi/11.3.1/../../../../arm-none-eabi/lib/thumb/v7-m/nofp\libc_nano.a(libc_a-findfp.o) (_fwalk_sglue)
C:/ST/STM32CubeIDE_1.14.1/STM32CubeIDE/plugins/com.st.stm32cube.ide.mcu.externaltools.gnu-tools-for-stm32.11.3.rel1.win32_1.1.100.202309141235/tools/bin/../lib/gcc/arm-none-eabi/11.3.1/../../../../arm-none-eabi/lib/thumb/v7-m/nofp\libc_nano.a(libc_a-stdio.o)
                              C:/ST/STM32CubeIDE_1.14.1/STM32CubeIDE/plugins/com.st.stm32cube.ide.mcu.externaltools.gnu-tools-for-stm32.11.3.rel1.win32_1.1.100.202309141235/tools/bin/../lib/gcc/arm-none-eabi/11.3.1/../../../../arm-none-eabi/lib/thumb/v7-m/nofp\libc_nano.a(libc_a-findfp.o) (__sread)
C:/ST/STM32CubeIDE_1.14.1/STM32CubeIDE/plugins/com.st.stm32cube.ide.mcu.externaltools.gnu-tools-for-stm32.11.3.rel1.win32_1.1.100.202309141235/tools/bin/../lib/gcc/arm-none-eabi/11.3.1/../../../../arm-none-eabi/lib/thumb/v7-m/nofp\libc_nano.a(libc_a-memset.o)
                              C:/ST/STM32CubeIDE_1.14.1/STM32CubeIDE/plugins/com.st.stm32cube.ide.mcu.externaltools.gnu-tools-for-stm32.11.3.rel1.win32_1.1.100.202309141235/tools/bin/../lib/gcc/arm-none-eabi/11.3.1/../../../../arm-none-eabi/lib/thumb/v7-m/nofp/crt0.o (memset)
C:/ST/STM32CubeIDE_1.14.1/STM32CubeIDE/plugins/com.st.stm32cube.ide.mcu.externaltools.gnu-tools-for-stm32.11.3.rel1.win32_1.1.100.202309141235/tools/bin/../lib/gcc/arm-none-eabi/11.3.1/../../../../arm-none-eabi/lib/thumb/v7-m/nofp\libc_nano.a(libc_a-closer.o)
                              C:/ST/STM32CubeIDE_1.14.1/STM32CubeIDE/plugins/com.st.stm32cube.ide.mcu.externaltools.gnu-tools-for-stm32.11.3.rel1.win32_1.1.100.202309141235/tools/bin/../lib/gcc/arm-none-eabi/11.3.1/../../../../arm-none-eabi/lib/thumb/v7-m/nofp\libc_nano.a(libc_a-stdio.o) (_close_r)
C:/ST/STM32CubeIDE_1.14.1/STM32CubeIDE/plugins/com.st.stm32cube.ide.mcu.externaltools.gnu-tools-for-stm32.11.3.rel1.win32_1.1.100.202309141235/tools/bin/../lib/gcc/arm-none-eabi/11.3.1/../../../../arm-none-eabi/lib/thumb/v7-m/nofp\libc_nano.a(libc_a-reent.o)
                              C:/ST/STM32CubeIDE_1.14.1/STM32CubeIDE/plugins/com.st.stm32cube.ide.mcu.externaltools.gnu-tools-for-stm32.11.3.rel1.win32_1.1.100.202309141235/tools/bin/../lib/gcc/arm-none-eabi/11.3.1/../../../../arm-none-eabi/lib/thumb/v7-m/nofp\libc_nano.a(libc_a-closer.o) (errno)
C:/ST/STM32CubeIDE_1.14.1/STM32CubeIDE/plugins/com.st.stm32cube.ide.mcu.externaltools.gnu-tools-for-stm32.11.3.rel1.win32_1.1.100.202309141235/tools/bin/../lib/gcc/arm-none-eabi/11.3.1/../../../../arm-none-eabi/lib/thumb/v7-m/nofp\libc_nano.a(libc_a-impure.o)
                              C:/ST/STM32CubeIDE_1.14.1/STM32CubeIDE/plugins/com.st.stm32cube.ide.mcu.externaltools.gnu-tools-for-stm32.11.3.rel1.win32_1.1.100.202309141235/tools/bin/../lib/gcc/arm-none-eabi/11.3.1/../../../../arm-none-eabi/lib/thumb/v7-m/nofp\libc_nano.a(libc_a-reent.o) (_impure_ptr)
C:/ST/STM32CubeIDE_1.14.1/STM32CubeIDE/plugins/com.st.stm32cube.ide.mcu.externaltools.gnu-tools-for-stm32.11.3.rel1.win32_1.1.100.202309141235/tools/bin/../lib/gcc/arm-none-eabi/11.3.1/../../../../arm-none-eabi/lib/thumb/v7-m/nofp\libc_nano.a(libc_a-lseekr.o)
[...]
Memory Configuration

Name             Origin             Length             Attributes
FLASH            0x0000000000000000 0x0000000000008000 xr
RAM              0x0000000020000000 0x0000000000004000 xrw
*default*        0x0000000000000000 0xffffffffffffffff

Linker script and memory map

LOAD C:/ST/STM32CubeIDE_1.14.1/STM32CubeIDE/plugins/com.st.stm32cube.ide.mcu.externaltools.gnu-tools-for-stm32.11.3.rel1.win32_1.1.100.202309141235/tools/bin/../lib/gcc/arm-none-eabi/11.3.1/thumb/v7-m/nofp/crti.o
LOAD C:/ST/STM32CubeIDE_1.14.1/STM32CubeIDE/plugins/com.st.stm32cube.ide.mcu.externaltools.gnu-tools-for-stm32.11.3.rel1.win32_1.1.100.202309141235/tools/bin/../lib/gcc/arm-none-eabi/11.3.1/thumb/v7-m/nofp/crtbegin.o
LOAD C:/ST/STM32CubeIDE_1.14.1/STM32CubeIDE/plugins/com.st.stm32cube.ide.mcu.externaltools.gnu-tools-for-stm32.11.3.rel1.win32_1.1.100.202309141235/tools/bin/../lib/gcc/arm-none-eabi/11.3.1/../../../../arm-none-eabi/lib/thumb/v7-m/nofp/crt0.o
LOAD ./drivers/Retarget.o
LOAD ./drivers/core/core_cm3.o
LOAD ./drivers/peripheral/gw1ns4c_gpio.o
LOAD ./drivers/peripheral/gw1ns4c_i2c.o
LOAD ./drivers/peripheral/gw1ns4c_misc.o
LOAD ./drivers/peripheral/gw1ns4c_rtc.o
LOAD ./drivers/peripheral/gw1ns4c_spi.o
LOAD ./drivers/peripheral/gw1ns4c_syscon.o
LOAD ./drivers/peripheral/gw1ns4c_timer.o
LOAD ./drivers/peripheral/gw1ns4c_uart.o
LOAD ./drivers/peripheral/gw1ns4c_wdog.o
LOAD ./usr/src/gw1ns4c_it.o
LOAD ./usr/src/main.o
LOAD ./usr/src/scd.o
LOAD ./usr/src/scd_reg.o
LOAD ./usr/startup_gw1ns4c.o
LOAD ./usr/sys/system_gw1ns4c.o
START GROUP
LOAD C:/ST/STM32CubeIDE_1.14.1/STM32CubeIDE/plugins/com.st.stm32cube.ide.mcu.externaltools.gnu-tools-for-stm32.11.3.rel1.win32_1.1.100.202309141235/tools/bin/../lib/gcc/arm-none-eabi/11.3.1/../../../../arm-none-eabi/lib/thumb/v7-m/nofp\libc_nano.a
LOAD C:/ST/STM32CubeIDE_1.14.1/STM32CubeIDE/plugins/com.st.stm32cube.ide.mcu.externaltools.gnu-tools-for-stm32.11.3.rel1.win32_1.1.100.202309141235/tools/bin/../lib/gcc/arm-none-eabi/11.3.1/../../../../arm-none-eabi/lib/thumb/v7-m/nofp\libm.a
END GROUP
START GROUP
LOAD C:/ST/STM32CubeIDE_1.14.1/STM32CubeIDE/plugins/com.st.stm32cube.ide.mcu.externaltools.gnu-tools-for-stm32.11.3.rel1.win32_1.1.100.202309141235/tools/bin/../lib/gcc/arm-none-eabi/11.3.1/thumb/v7-m/nofp\libgcc.a
LOAD C:/ST/STM32CubeIDE_1.14.1/STM32CubeIDE/plugins/com.st.stm32cube.ide.mcu.externaltools.gnu-tools-for-stm32.11.3.rel1.win32_1.1.100.202309141235/tools/bin/../lib/gcc/arm-none-eabi/11.3.1/../../../../arm-none-eabi/lib/thumb/v7-m/nofp\libc_nano.a
END GROUP
START GROUP
LOAD C:/ST/STM32CubeIDE_1.14.1/STM32CubeIDE/plugins/com.st.stm32cube.ide.mcu.externaltools.gnu-tools-for-stm32.11.3.rel1.win32_1.1.100.202309141235/tools/bin/../lib/gcc/arm-none-eabi/11.3.1/thumb/v7-m/nofp\libgcc.a
LOAD C:/ST/STM32CubeIDE_1.14.1/STM32CubeIDE/plugins/com.st.stm32cube.ide.mcu.externaltools.gnu-tools-for-stm32.11.3.rel1.win32_1.1.100.202309141235/tools/bin/../lib/gcc/arm-none-eabi/11.3.1/../../../../arm-none-eabi/lib/thumb/v7-m/nofp\libc_nano.a
LOAD C:/ST/STM32CubeIDE_1.14.1/STM32CubeIDE/plugins/com.st.stm32cube.ide.mcu.externaltools.gnu-tools-for-stm32.11.3.rel1.win32_1.1.100.202309141235/tools/bin/../lib/gcc/arm-none-eabi/11.3.1/../../../../arm-none-eabi/lib/thumb/v7-m/nofp\libnosys.a
END GROUP
START GROUP
LOAD C:/ST/STM32CubeIDE_1.14.1/STM32CubeIDE/plugins/com.st.stm32cube.ide.mcu.externaltools.gnu-tools-for-stm32.11.3.rel1.win32_1.1.100.202309141235/tools/bin/../lib/gcc/arm-none-eabi/11.3.1/thumb/v7-m/nofp\libgcc.a
LOAD C:/ST/STM32CubeIDE_1.14.1/STM32CubeIDE/plugins/com.st.stm32cube.ide.mcu.externaltools.gnu-tools-for-stm32.11.3.rel1.win32_1.1.100.202309141235/tools/bin/../lib/gcc/arm-none-eabi/11.3.1/../../../../arm-none-eabi/lib/thumb/v7-m/nofp\libc_nano.a
LOAD C:/ST/STM32CubeIDE_1.14.1/STM32CubeIDE/plugins/com.st.stm32cube.ide.mcu.externaltools.gnu-tools-for-stm32.11.3.rel1.win32_1.1.100.202309141235/tools/bin/../lib/gcc/arm-none-eabi/11.3.1/../../../../arm-none-eabi/lib/thumb/v7-m/nofp\libnosys.a
END GROUP
LOAD C:/ST/STM32CubeIDE_1.14.1/STM32CubeIDE/plugins/com.st.stm32cube.ide.mcu.externaltools.gnu-tools-for-stm32.11.3.rel1.win32_1.1.100.202309141235/tools/bin/../lib/gcc/arm-none-eabi/11.3.1/thumb/v7-m/nofp/crtend.o
LOAD C:/ST/STM32CubeIDE_1.14.1/STM32CubeIDE/plugins/com.st.stm32cube.ide.mcu.externaltools.gnu-tools-for-stm32.11.3.rel1.win32_1.1.100.202309141235/tools/bin/../lib/gcc/arm-none-eabi/11.3.1/thumb/v7-m/nofp/crtn.o
START GROUP
LOAD C:/ST/STM32CubeIDE_1.14.1/STM32CubeIDE/plugins/com.st.stm32cube.ide.mcu.externaltools.gnu-tools-for-stm32.11.3.rel1.win32_1.1.100.202309141235/tools/bin/../lib/gcc/arm-none-eabi/11.3.1/thumb/v7-m/nofp\libgcc.a
LOAD C:/ST/STM32CubeIDE_1.14.1/STM32CubeIDE/plugins/com.st.stm32cube.ide.mcu.externaltools.gnu-tools-for-stm32.11.3.rel1.win32_1.1.100.202309141235/tools/bin/../lib/gcc/arm-none-eabi/11.3.1/../../../../arm-none-eabi/lib/thumb/v7-m/nofp\libc.a
LOAD C:/ST/STM32CubeIDE_1.14.1/STM32CubeIDE/plugins/com.st.stm32cube.ide.mcu.externaltools.gnu-tools-for-stm32.11.3.rel1.win32_1.1.100.202309141235/tools/bin/../lib/gcc/arm-none-eabi/11.3.1/../../../../arm-none-eabi/lib/thumb/v7-m/nofp\libm.a
LOAD C:/ST/STM32CubeIDE_1.14.1/STM32CubeIDE/plugins/com.st.stm32cube.ide.mcu.externaltools.gnu-tools-for-stm32.11.3.rel1.win32_1.1.100.202309141235/tools/bin/../lib/gcc/arm-none-eabi/11.3.1/../../../../arm-none-eabi/lib/thumb/v7-m/nofp\libnosys.a
END GROUP

.text           0x0000000000000000     0x17f0
 *(.isr_vector)
 .isr_vector    0x0000000000000000       0xc0 ./usr/startup_gw1ns4c.o
                0x0000000000000000                __isr_vector
 *(.text*)
 .text.GPIO_Init
                0x00000000000000c0       0xb4 ./drivers/peripheral/gw1ns4c_gpio.o
                0x00000000000000c0                GPIO_Init
 .text.GPIO_SetBit
                0x0000000000000174        0x8 ./drivers/peripheral/gw1ns4c_gpio.o
                0x0000000000000174                GPIO_SetBit
 .text.GPIO_ResetBit
                0x000000000000017c        0xa ./drivers/peripheral/gw1ns4c_gpio.o
                0x000000000000017c                GPIO_ResetBit
 *fill*         0x0000000000000186        0x2 
 .text.NVIC_Init
                0x0000000000000188       0x54 ./drivers/peripheral/gw1ns4c_misc.o
                0x0000000000000188                NVIC_Init
 .text.SPI_Init
                0x00000000000001dc       0x34 ./drivers/peripheral/gw1ns4c_spi.o
                0x00000000000001dc                SPI_Init
 .text.SPI_ReadWriteByte
                0x0000000000000210       0x1c ./drivers/peripheral/gw1ns4c_spi.o
                0x0000000000000210                SPI_ReadWriteByte
 .text.SPI_Select_Slave
                0x000000000000022c        0xc ./drivers/peripheral/gw1ns4c_spi.o
                0x000000000000022c                SPI_Select_Slave
 .text.UART_Init
                0x0000000000000238       0x78 ./drivers/peripheral/gw1ns4c_uart.o
                0x0000000000000238                UART_Init
 .text.UART_ClearRxIRQ
                0x00000000000002b0        0x6 ./drivers/peripheral/gw1ns4c_uart.o
                0x00000000000002b0                UART_ClearRxIRQ
 .text.NMI_Handler
                0x00000000000002b6        0x2 ./usr/src/gw1ns4c_it.o
                0x00000000000002b6                NMI_Handler
 .text.HardFault_Handler
                0x00000000000002b8        0x2 ./usr/src/gw1ns4c_it.o
                0x00000000000002b8                HardFault_Handler
 .text.MemManage_Handler
                0x00000000000002ba        0x2 ./usr/src/gw1ns4c_it.o
                0x00000000000002ba                MemManage_Handler
 .text.BusFault_Handler
                0x00000000000002bc        0x2 ./usr/src/gw1ns4c_it.o
                0x00000000000002bc                BusFault_Handler
 .text.UsageFault_Handler
                0x00000000000002be        0x2 ./usr/src/gw1ns4c_it.o
                0x00000000000002be                UsageFault_Handler
 .text.SVC_Handler
                0x00000000000002c0        0x2 ./usr/src/gw1ns4c_it.o
                0x00000000000002c0                SVC_Handler
 .text.DebugMon_Handler
                0x00000000000002c2        0x2 ./usr/src/gw1ns4c_it.o
                0x00000000000002c2                DebugMon_Handler
 .text.PendSV_Handler
                0x00000000000002c4        0x2 ./usr/src/gw1ns4c_it.o
                0x00000000000002c4                PendSV_Handler
 *fill*         0x00000000000002c6        0x2 
 .text.SysTick_Handler
                0x00000000000002c8       0x60 ./usr/src/gw1ns4c_it.o
                0x00000000000002c8                SysTick_Handler
 .text.USER_INT0_Handler
                0x0000000000000328        0x2 ./usr/src/gw1ns4c_it.o
                0x0000000000000328                USER_INT0_Handler
 .text.USER_INT1_Handler
                0x000000000000032a        0x2 ./usr/src/gw1ns4c_it.o
                0x000000000000032a                USER_INT1_Handler
 .text.USER_INT2_Handler
                0x000000000000032c        0x2 ./usr/src/gw1ns4c_it.o
                0x000000000000032c                USER_INT2_Handler
 .text.USER_INT3_Handler
                0x000000000000032e        0x2 ./usr/src/gw1ns4c_it.o
                0x000000000000032e                USER_INT3_Handler
 .text.USER_INT4_Handler
                0x0000000000000330        0x2 ./usr/src/gw1ns4c_it.o
                0x0000000000000330                USER_INT4_Handler
 .text.USER_INT5_Handler
                0x0000000000000332        0x2 ./usr/src/gw1ns4c_it.o
                0x0000000000000332                USER_INT5_Handler
 .text.UART0_Handler
                0x0000000000000334       0x28 ./usr/src/gw1ns4c_it.o
                0x0000000000000334                UART0_Handler
 .text.UART1_Handler
                0x000000000000035c        0x2 ./usr/src/gw1ns4c_it.o
                0x000000000000035c                UART1_Handler
 .text.TIMER0_Handler
                0x000000000000035e        0x2 ./usr/src/gw1ns4c_it.o
                0x000000000000035e                TIMER0_Handler
 .text.TIMER1_Handler
                0x0000000000000360        0x2 ./usr/src/gw1ns4c_it.o
                0x0000000000000360                TIMER1_Handler
 .text.I2C_Handler
                0x0000000000000362        0x2 ./usr/src/gw1ns4c_it.o
                0x0000000000000362                I2C_Handler
 .text.RTC_Handler
                0x0000000000000364        0x2 ./usr/src/gw1ns4c_it.o
                0x0000000000000364                RTC_Handler
 .text.PORT0_0_Handler
                0x0000000000000366        0x2 ./usr/src/gw1ns4c_it.o
                0x0000000000000366                PORT0_0_Handler
 .text.PORT0_1_Handler
                0x0000000000000368        0x2 ./usr/src/gw1ns4c_it.o
                0x0000000000000368                PORT0_1_Handler
 .text.PORT0_2_Handler
                0x000000000000036a        0x2 ./usr/src/gw1ns4c_it.o
                0x000000000000036a                PORT0_2_Handler
 .text.PORT0_3_Handler
                0x000000000000036c        0x2 ./usr/src/gw1ns4c_it.o
                0x000000000000036c                PORT0_3_Handler
 .text.PORT0_4_Handler
                0x000000000000036e        0x2 ./usr/src/gw1ns4c_it.o
                0x000000000000036e                PORT0_4_Handler
 .text.PORT0_5_Handler
                0x0000000000000370        0x2 ./usr/src/gw1ns4c_it.o
                0x0000000000000370                PORT0_5_Handler
 .text.PORT0_6_Handler
                0x0000000000000372        0x2 ./usr/src/gw1ns4c_it.o
                0x0000000000000372                PORT0_6_Handler
 .text.PORT0_7_Handler
                0x0000000000000374        0x2 ./usr/src/gw1ns4c_it.o
                0x0000000000000374                PORT0_7_Handler
 .text.PORT0_8_Handler
                0x0000000000000376        0x2 ./usr/src/gw1ns4c_it.o
                0x0000000000000376                PORT0_8_Handler
 .text.PORT0_9_Handler
                0x0000000000000378        0x2 ./usr/src/gw1ns4c_it.o
                0x0000000000000378                PORT0_9_Handler
 .text.PORT0_10_Handler
                0x000000000000037a        0x2 ./usr/src/gw1ns4c_it.o
                0x000000000000037a                PORT0_10_Handler
 .text.PORT0_11_Handler
                0x000000000000037c        0x2 ./usr/src/gw1ns4c_it.o
                0x000000000000037c                PORT0_11_Handler
 .text.PORT0_12_Handler
                0x000000000000037e        0x2 ./usr/src/gw1ns4c_it.o
                0x000000000000037e                PORT0_12_Handler
 .text.PORT0_13_Handler
                0x0000000000000380        0x2 ./usr/src/gw1ns4c_it.o
                0x0000000000000380                PORT0_13_Handler
 .text.PORT0_14_Handler
                0x0000000000000382        0x2 ./usr/src/gw1ns4c_it.o
                0x0000000000000382                PORT0_14_Handler
 .text.PORT0_15_Handler
                0x0000000000000384        0x2 ./usr/src/gw1ns4c_it.o
                0x0000000000000384                PORT0_15_Handler
 *fill*         0x0000000000000386        0x2 
 .text.GPIOInit
                0x0000000000000388       0x24 ./usr/src/main.o
                0x0000000000000388                GPIOInit
 .text.delay_ms
                0x00000000000003ac       0x1a ./usr/src/main.o
                0x00000000000003ac                delay_ms
 *fill*         0x00000000000003c6        0x2 
 .text.UartInit
                0x00000000000003c8       0x2c ./usr/src/main.o
                0x00000000000003c8                UartInit
 .text.nvicInit
                0x00000000000003f4       0x40 ./usr/src/main.o
                0x00000000000003f4                nvicInit
 .text.SPIInit  0x0000000000000434       0x14 ./usr/src/main.o
                0x0000000000000434                SPIInit
 .text.startup.main
                0x0000000000000448       0x8c ./usr/src/main.o
                0x0000000000000448                main
 .text.SCO_get  0x00000000000004d4      0x12c ./usr/src/scd.o
 .text.SCO_VAR  0x0000000000000600      0x154 ./usr/src/scd.o
 .text.SCO_DEBUG
                0x0000000000000754       0x10 ./usr/src/scd.o
 .text.SCO_DUMP
                0x0000000000000764      0x1fc ./usr/src/scd.o
 .text.SCO_PRINT
                0x0000000000000960       0x90 ./usr/src/scd.o
 .text._cz_strtoxl.constprop.0
                0x00000000000009f0       0xc8 ./usr/src/scd.o
 .text.cz_atol  0x0000000000000ab8        0x6 ./usr/src/scd.o
 .text.SCD_CMD_CONF
                0x0000000000000abe       0x1a ./usr/src/scd.o
 .text.SCD_CMD_CHG
                0x0000000000000ad8       0x16 ./usr/src/scd.o
 .text.SCD_CMD_DUMP
                0x0000000000000aee       0x26 ./usr/src/scd.o
 .text.SCD_CMD_CALL
                0x0000000000000b14       0x22 ./usr/src/scd.o
 *fill*         0x0000000000000b36        0x2 
 .text.SCD_CMD_SET
                0x0000000000000b38      0x190 ./usr/src/scd.o
 .text.SCD_Rev1Byte
                0x0000000000000cc8      0x188 ./usr/src/scd.o
                0x0000000000000cc8                SCD_Rev1Byte
 .text.scd_send1Byte
                0x0000000000000e50       0x44 ./usr/src/scd.o
                0x0000000000000e50                scd_send1Byte
 .text.scd_init_1
                0x0000000000000e94       0x90 ./usr/src/scd_reg.o
                0x0000000000000e94                scd_init_1
 .text          0x0000000000000f24       0x80 ./usr/startup_gw1ns4c.o
                0x0000000000000f24                Reset_Handler
                0x0000000000000f72                PORT0_COMB_Handler
                0x0000000000000f7c                UARTOVF_Handler
                0x0000000000000f82                Spare15_Handler
 .text.SystemInit
                0x0000000000000fa4       0x28 ./usr/sys/system_gw1ns4c.o
                0x0000000000000fa4                SystemInit
 .text.exit     0x0000000000000fcc       0x24 C:/ST/STM32CubeIDE_1.14.1/STM32CubeIDE/plugins/com.st.stm32cube.ide.mcu.externaltools.gnu-tools-for-stm32.11.3.rel1.win32_1.1.100.202309141235/tools/bin/../lib/gcc/arm-none-eabi/11.3.1/../../../../arm-none-eabi/lib/thumb/v7-m/nofp\libc_nano.a(libc_a-exit.o)
                0x0000000000000fcc                exit
 .text          0x0000000000000ff0      0x168 C:/ST/STM32CubeIDE_1.14.1/STM32CubeIDE/plugins/com.st.stm32cube.ide.mcu.externaltools.gnu-tools-for-stm32.11.3.rel1.win32_1.1.100.202309141235/tools/bin/../lib/gcc/arm-none-eabi/11.3.1/thumb/v7-m/nofp\libgcc.a(_arm_mulsf3.o)
                0x0000000000000ff0                __aeabi_fmul
                0x0000000000000ff0                __mulsf3
 .text          0x0000000000001158      0x21c C:/ST/STM32CubeIDE_1.14.1/STM32CubeIDE/plugins/com.st.stm32cube.ide.mcu.externaltools.gnu-tools-for-stm32.11.3.rel1.win32_1.1.100.202309141235/tools/bin/../lib/gcc/arm-none-eabi/11.3.1/thumb/v7-m/nofp\libgcc.a(_arm_addsubsf3.o)
                0x0000000000001158                __aeabi_frsub
                0x0000000000001160                __subsf3
                0x0000000000001160                __aeabi_fsub
                0x0000000000001164                __aeabi_fadd
                0x0000000000001164                __addsf3
                0x00000000000012c4                __aeabi_ui2f
                0x00000000000012c4                __floatunsisf
                0x00000000000012cc                __aeabi_i2f
                0x00000000000012cc                __floatsisf
                0x00000000000012e8                __aeabi_ul2f
                0x00000000000012e8                __floatundisf
                0x00000000000012f8                __aeabi_l2f
                0x00000000000012f8                __floatdisf
 .text._exit    0x0000000000001374        0x2 C:/ST/STM32CubeIDE_1.14.1/STM32CubeIDE/plugins/com.st.stm32cube.ide.mcu.externaltools.gnu-tools-for-stm32.11.3.rel1.win32_1.1.100.202309141235/tools/bin/../lib/gcc/arm-none-eabi/11.3.1/../../../../arm-none-eabi/lib/thumb/v7-m/nofp\libnosys.a(_exit.o)
                0x0000000000001374                _exit
 *(.init)
 *fill*         0x0000000000001376        0x2 
 .init          0x0000000000001378        0x4 C:/ST/STM32CubeIDE_1.14.1/STM32CubeIDE/plugins/com.st.stm32cube.ide.mcu.externaltools.gnu-tools-for-stm32.11.3.rel1.win32_1.1.100.202309141235/tools/bin/../lib/gcc/arm-none-eabi/11.3.1/thumb/v7-m/nofp/crti.o
                0x0000000000001378                _init
 *(.fini)
 .fini          0x000000000000137c        0x4 C:/ST/STM32CubeIDE_1.14.1/STM32CubeIDE/plugins/com.st.stm32cube.ide.mcu.externaltools.gnu-tools-for-stm32.11.3.rel1.win32_1.1.100.202309141235/tools/bin/../lib/gcc/arm-none-eabi/11.3.1/thumb/v7-m/nofp/crti.o
                0x000000000000137c                _fini
 *crtbegin.o(.ctors)
 *crtbegin?.o(.ctors)
 *(EXCLUDE_FILE(*crtend.o *crtend?.o) .ctors)
 *(SORT_BY_NAME(.ctors.*))
 *(.ctors)
 *crtbegin.o(.dtors)
 *crtbegin?.o(.dtors)
 *(EXCLUDE_FILE(*crtend.o *crtend?.o) .dtors)
 *(SORT_BY_NAME(.dtors.*))
 *(.dtors)
 *(.rodata*)
 .rodata.str1.1
                0x0000000000001380       0x17 ./usr/src/scd.o
 .rodata        0x0000000000001397        0x5 ./usr/src/scd.o
 .rodata.SCD_CMD_FCNS
                0x000000000000139c       0x14 ./usr/src/scd.o
 .rodata.SCD_CMD_TAB
                0x00000000000013b0       0x14 ./usr/src/scd.o
 .rodata.SCD_PROTOCOL_FCNS
                0x00000000000013c4       0x14 ./usr/src/scd.o
 .rodata.cz_ctype
                0x00000000000013d8      0x400 ./usr/src/scd.o
                0x00000000000013d8                cz_ctype
 .rodata.tyj_unit_struct_1
                0x00000000000017d8       0x18 ./usr/src/scd_reg.o
                0x00000000000017d8                tyj_unit_struct_1
 *(.eh_frame*)

.glue_7         0x00000000000017f0        0x0
 .glue_7        0x00000000000017f0        0x0 linker stubs

.glue_7t        0x00000000000017f0        0x0
 .glue_7t       0x00000000000017f0        0x0 linker stubs

.vfp11_veneer   0x00000000000017f0        0x0
 .vfp11_veneer  0x00000000000017f0        0x0 linker stubs

.v4_bx          0x00000000000017f0        0x0
 .v4_bx         0x00000000000017f0        0x0 linker stubs

.iplt           0x00000000000017f0        0x0
 .iplt          0x00000000000017f0        0x0 ./drivers/peripheral/gw1ns4c_uart.o

.rel.dyn        0x00000000000017f0        0x0
 .rel.iplt      0x00000000000017f0        0x0 ./drivers/peripheral/gw1ns4c_uart.o

.ARM.extab
 *(.ARM.extab* .gnu.linkonce.armextab.*)
                0x00000000000017f0                __exidx_start = .

.ARM.exidx
 *(.ARM.exidx* .gnu.linkonce.armexidx.*)
                0x00000000000017f0                __exidx_end = .
                0x00000000000017f0                __etext = .

.data           0x0000000020000000       0x20 load address 0x00000000000017f0
                0x0000000020000000                __data_start__ = .
 *(vtable)
 *(.data*)
 .data.endBuff1_1
                0x0000000020000000        0x4 ./usr/src/scd_reg.o
                0x0000000020000000                endBuff1_1
 .data.endBuff2_1
                0x0000000020000004        0x8 ./usr/src/scd_reg.o
                0x0000000020000004                endBuff2_1
 .data.endBuff3_1
                0x000000002000000c        0x4 ./usr/src/scd_reg.o
                0x000000002000000c                endBuff3_1
 .data.HCLK     0x0000000020000010        0x4 ./usr/sys/system_gw1ns4c.o
                0x0000000020000010                HCLK
 .data.PCLK1    0x0000000020000014        0x4 ./usr/sys/system_gw1ns4c.o
                0x0000000020000014                PCLK1
 .data.PCLK2    0x0000000020000018        0x4 ./usr/sys/system_gw1ns4c.o
                0x0000000020000018                PCLK2
 .data.SystemCoreClock
                0x000000002000001c        0x4 ./usr/sys/system_gw1ns4c.o
                0x000000002000001c                SystemCoreClock
                0x0000000020000020                . = ALIGN (0x4)
                0x0000000020000020                PROVIDE (__preinit_array_start = .)
 *(.preinit_array)
                0x0000000020000020                PROVIDE (__preinit_array_end = .)
                0x0000000020000020                . = ALIGN (0x4)
                0x0000000020000020                PROVIDE (__init_array_start = .)
 *(SORT_BY_NAME(.init_array.*))
 *(.init_array)
                0x0000000020000020                PROVIDE (__init_array_end = .)
                0x0000000020000020                . = ALIGN (0x4)
                [!provide]                        PROVIDE (__fini_array_start = .)
 *(SORT_BY_NAME(.fini_array.*))
 *(.fini_array)
                [!provide]                        PROVIDE (__fini_array_end = .)
                0x0000000020000020                . = ALIGN (0x4)
                0x0000000020000020                __data_end__ = .

.igot.plt       0x0000000020000020        0x0 load address 0x0000000000001810
 .igot.plt      0x0000000020000020        0x0 ./drivers/peripheral/gw1ns4c_uart.o

.bss            0x0000000020000020       0xf4 load address 0x0000000000001810
                0x0000000020000020                . = ALIGN (0x4)
                0x0000000020000020                __bss_start__ = .
 *(.bss*)
 .bss.adcRawData
                0x0000000020000020        0x2 ./usr/src/main.o
                0x0000000020000020                adcRawData
 .bss.initOk    0x0000000020000022        0x2 ./usr/src/main.o
                0x0000000020000022                initOk
 .bss.ms_cnt    0x0000000020000024        0x4 ./usr/src/main.o
                0x0000000020000024                ms_cnt
 .bss.voltAns   0x0000000020000028        0x4 ./usr/src/main.o
                0x0000000020000028                voltAns
 .bss.checkUint16Sum.0
                0x000000002000002c        0x2 ./usr/src/scd.o
 .bss.checkUint16Sum.1
                0x000000002000002e        0x2 ./usr/src/scd.o
 .bss.printBuff_1
                0x0000000020000030       0x28 ./usr/src/scd_reg.o
                0x0000000020000030                printBuff_1
 .bss.recBuff_1
                0x0000000020000058       0x50 ./usr/src/scd_reg.o
                0x0000000020000058                recBuff_1
 .bss.scd_1     0x00000000200000a8       0x68 ./usr/src/scd_reg.o
                0x00000000200000a8                scd_1
 .bss.__stdio_exit_handler
                0x0000000020000110        0x4 C:/ST/STM32CubeIDE_1.14.1/STM32CubeIDE/plugins/com.st.stm32cube.ide.mcu.externaltools.gnu-tools-for-stm32.11.3.rel1.win32_1.1.100.202309141235/tools/bin/../lib/gcc/arm-none-eabi/11.3.1/../../../../arm-none-eabi/lib/thumb/v7-m/nofp\libc_nano.a(libc_a-findfp.o)
                0x0000000020000110                __stdio_exit_handler
 *(COMMON)
                0x0000000020000114                . = ALIGN (0x4)
                0x0000000020000114                __bss_end__ = .

.heap           0x0000000020000118      0x200
                0x0000000020000118                __end__ = .
                0x0000000020000118                end = __end__
 *(.heap*)
 .heap          0x0000000020000118      0x200 ./usr/startup_gw1ns4c.o
                0x0000000020000118                __HeapBase
                0x0000000020000318                __HeapLimit = .

.stack_dummy    0x0000000020000118      0x800
 *(.stack*)
 .stack         0x0000000020000118      0x800 ./usr/startup_gw1ns4c.o
                0x0000000020004000                __StackTop = (ORIGIN (RAM) + LENGTH (RAM))
                0x0000000020003800                __StackLimit = (__StackTop - SIZEOF (.stack_dummy))
                0x0000000020004000                PROVIDE (__stack = __StackTop)
                0x0000000000000001                ASSERT ((__StackLimit >= __HeapLimit), region RAM overflowed with stack)
OUTPUT(adc_st.elf elf32-littlearm)
LOAD linker stubs

.ARM.attributes
                0x0000000000000000       0x29
 .ARM.attributes
                0x0000000000000000       0x1d C:/ST/STM32CubeIDE_1.14.1/STM32CubeIDE/plugins/com.st.stm32cube.ide.mcu.externaltools.gnu-tools-for-stm32.11.3.rel1.win32_1.1.100.202309141235/tools/bin/../lib/gcc/arm-none-eabi/11.3.1/thumb/v7-m/nofp/crti.o
 .ARM.attributes
                0x000000000000001d       0x2d ./drivers/peripheral/gw1ns4c_gpio.o
 .ARM.attributes
                0x000000000000004a       0x2d ./drivers/peripheral/gw1ns4c_misc.o
 .ARM.attributes
                0x0000000000000077       0x2d ./drivers/peripheral/gw1ns4c_spi.o
 .ARM.attributes
                0x00000000000000a4       0x2d ./drivers/peripheral/gw1ns4c_uart.o
 .ARM.attributes
                0x00000000000000d1       0x2d ./usr/src/gw1ns4c_it.o
 .ARM.attributes
                0x00000000000000fe       0x2d ./usr/src/main.o
 .ARM.attributes
                0x000000000000012b       0x2d ./usr/src/scd.o
 .ARM.attributes
                0x0000000000000158       0x2d ./usr/src/scd_reg.o
 .ARM.attributes
                0x0000000000000185       0x1b ./usr/startup_gw1ns4c.o
 .ARM.attributes
                0x00000000000001a0       0x2d ./usr/sys/system_gw1ns4c.o
 .ARM.attributes
                0x00000000000001cd       0x2d C:/ST/STM32CubeIDE_1.14.1/STM32CubeIDE/plugins/com.st.stm32cube.ide.mcu.externaltools.gnu-tools-for-stm32.11.3.rel1.win32_1.1.100.202309141235/tools/bin/../lib/gcc/arm-none-eabi/11.3.1/../../../../arm-none-eabi/lib/thumb/v7-m/nofp\libc_nano.a(libc_a-exit.o)
 .ARM.attributes
                0x00000000000001fa       0x2d C:/ST/STM32CubeIDE_1.14.1/STM32CubeIDE/plugins/com.st.stm32cube.ide.mcu.externaltools.gnu-tools-for-stm32.11.3.rel1.win32_1.1.100.202309141235/tools/bin/../lib/gcc/arm-none-eabi/11.3.1/../../../../arm-none-eabi/lib/thumb/v7-m/nofp\libc_nano.a(libc_a-findfp.o)
 .ARM.attributes
                0x0000000000000227       0x1d C:/ST/STM32CubeIDE_1.14.1/STM32CubeIDE/plugins/com.st.stm32cube.ide.mcu.externaltools.gnu-tools-for-stm32.11.3.rel1.win32_1.1.100.202309141235/tools/bin/../lib/gcc/arm-none-eabi/11.3.1/thumb/v7-m/nofp\libgcc.a(_arm_mulsf3.o)
 .ARM.attributes
                0x0000000000000244       0x1d C:/ST/STM32CubeIDE_1.14.1/STM32CubeIDE/plugins/com.st.stm32cube.ide.mcu.externaltools.gnu-tools-for-stm32.11.3.rel1.win32_1.1.100.202309141235/tools/bin/../lib/gcc/arm-none-eabi/11.3.1/thumb/v7-m/nofp\libgcc.a(_arm_addsubsf3.o)
 .ARM.attributes
                0x0000000000000261       0x2d C:/ST/STM32CubeIDE_1.14.1/STM32CubeIDE/plugins/com.st.stm32cube.ide.mcu.externaltools.gnu-tools-for-stm32.11.3.rel1.win32_1.1.100.202309141235/tools/bin/../lib/gcc/arm-none-eabi/11.3.1/../../../../arm-none-eabi/lib/thumb/v7-m/nofp\libnosys.a(_exit.o)

.comment        0x0000000000000000       0x43
 .comment       0x0000000000000000       0x43 ./drivers/peripheral/gw1ns4c_gpio.o
                                         0x44 (size before relaxing)
 .comment       0x0000000000000043       0x44 ./drivers/peripheral/gw1ns4c_misc.o
 .comment       0x0000000000000043       0x44 ./drivers/peripheral/gw1ns4c_spi.o
 .comment       0x0000000000000043       0x44 ./drivers/peripheral/gw1ns4c_uart.o
 .comment       0x0000000000000043       0x44 ./usr/src/gw1ns4c_it.o
 .comment       0x0000000000000043       0x44 ./usr/src/main.o
 .comment       0x0000000000000043       0x44 ./usr/src/scd.o
 .comment       0x0000000000000043       0x44 ./usr/src/scd_reg.o
 .comment       0x0000000000000043       0x44 ./usr/sys/system_gw1ns4c.o

.debug_info     0x0000000000000000     0x4260
 .debug_info    0x0000000000000000      0x6a1 ./drivers/peripheral/gw1ns4c_gpio.o
 .debug_info    0x00000000000006a1      0x4c1 ./drivers/peripheral/gw1ns4c_misc.o
 .debug_info    0x0000000000000b62      0x3f8 ./drivers/peripheral/gw1ns4c_spi.o
 .debug_info    0x0000000000000f5a      0x635 ./drivers/peripheral/gw1ns4c_uart.o
 .debug_info    0x000000000000158f      0x6b7 ./usr/src/gw1ns4c_it.o
 .debug_info    0x0000000000001c46      0xf1a ./usr/src/main.o
 .debug_info    0x0000000000002b60     0x1235 ./usr/src/scd.o
 .debug_info    0x0000000000003d95      0x3ab ./usr/src/scd_reg.o
 .debug_info    0x0000000000004140       0x25 ./usr/startup_gw1ns4c.o
 .debug_info    0x0000000000004165       0xfb ./usr/sys/system_gw1ns4c.o

.debug_abbrev   0x0000000000000000     0x1167
 .debug_abbrev  0x0000000000000000      0x1bf ./drivers/peripheral/gw1ns4c_gpio.o
 .debug_abbrev  0x00000000000001bf      0x1a5 ./drivers/peripheral/gw1ns4c_misc.o
 .debug_abbrev  0x0000000000000364      0x21c ./drivers/peripheral/gw1ns4c_spi.o
 .debug_abbrev  0x0000000000000580      0x1ed ./drivers/peripheral/gw1ns4c_uart.o
 .debug_abbrev  0x000000000000076d      0x197 ./usr/src/gw1ns4c_it.o
 .debug_abbrev  0x0000000000000904      0x361 ./usr/src/main.o
 .debug_abbrev  0x0000000000000c65      0x36d ./usr/src/scd.o
 .debug_abbrev  0x0000000000000fd2       0xf6 ./usr/src/scd_reg.o
 .debug_abbrev  0x00000000000010c8       0x14 ./usr/startup_gw1ns4c.o
 .debug_abbrev  0x00000000000010dc       0x8b ./usr/sys/system_gw1ns4c.o

.debug_loclists
                0x0000000000000000     0x1200
 .debug_loclists
                0x0000000000000000      0x11c ./drivers/peripheral/gw1ns4c_gpio.o
 .debug_loclists
                0x000000000000011c       0xe5 ./drivers/peripheral/gw1ns4c_misc.o
 .debug_loclists
                0x0000000000000201       0x71 ./drivers/peripheral/gw1ns4c_spi.o
 .debug_loclists
                0x0000000000000272      0x18a ./drivers/peripheral/gw1ns4c_uart.o
 .debug_loclists
                0x00000000000003fc       0x85 ./usr/src/main.o
 .debug_loclists
                0x0000000000000481      0xd7f ./usr/src/scd.o

.debug_aranges  0x0000000000000000      0x508
 .debug_aranges
                0x0000000000000000       0xb8 ./drivers/peripheral/gw1ns4c_gpio.o
 .debug_aranges
                0x00000000000000b8       0x38 ./drivers/peripheral/gw1ns4c_misc.o
 .debug_aranges
                0x00000000000000f0       0xe0 ./drivers/peripheral/gw1ns4c_spi.o
 .debug_aranges
                0x00000000000001d0       0xc0 ./drivers/peripheral/gw1ns4c_uart.o
 .debug_aranges
                0x0000000000000290      0x140 ./usr/src/gw1ns4c_it.o
 .debug_aranges
                0x00000000000003d0       0x48 ./usr/src/main.o
 .debug_aranges
                0x0000000000000418       0x90 ./usr/src/scd.o
 .debug_aranges
                0x00000000000004a8       0x20 ./usr/src/scd_reg.o
 .debug_aranges
                0x00000000000004c8       0x20 ./usr/startup_gw1ns4c.o
 .debug_aranges
                0x00000000000004e8       0x20 ./usr/sys/system_gw1ns4c.o

.debug_rnglists
                0x0000000000000000      0x4b4
 .debug_rnglists
                0x0000000000000000       0x86 ./drivers/peripheral/gw1ns4c_gpio.o
 .debug_rnglists
                0x0000000000000086       0x25 ./drivers/peripheral/gw1ns4c_misc.o
 .debug_rnglists
                0x00000000000000ab       0xa3 ./drivers/peripheral/gw1ns4c_spi.o
 .debug_rnglists
                0x000000000000014e       0x8b ./drivers/peripheral/gw1ns4c_uart.o
 .debug_rnglists
                0x00000000000001d9       0xeb ./usr/src/gw1ns4c_it.o
 .debug_rnglists
                0x00000000000002c4       0x5f ./usr/src/main.o
 .debug_rnglists
                0x0000000000000323      0x16a ./usr/src/scd.o
 .debug_rnglists
                0x000000000000048d       0x14 ./usr/src/scd_reg.o
 .debug_rnglists
                0x00000000000004a1       0x13 ./usr/sys/system_gw1ns4c.o

.debug_macro    0x0000000000000000     0x1bc8
 .debug_macro   0x0000000000000000      0x100 ./drivers/peripheral/gw1ns4c_gpio.o
 .debug_macro   0x0000000000000100       0x22 ./drivers/peripheral/gw1ns4c_gpio.o
 .debug_macro   0x0000000000000122       0x22 ./drivers/peripheral/gw1ns4c_gpio.o
 .debug_macro   0x0000000000000144      0x7b7 ./drivers/peripheral/gw1ns4c_gpio.o
 .debug_macro   0x00000000000008fb      0x314 ./drivers/peripheral/gw1ns4c_gpio.o
 .debug_macro   0x0000000000000c0f       0x34 ./drivers/peripheral/gw1ns4c_gpio.o
 .debug_macro   0x0000000000000c43       0x7c ./drivers/peripheral/gw1ns4c_gpio.o
 .debug_macro   0x0000000000000cbf       0x22 ./drivers/peripheral/gw1ns4c_gpio.o
 .debug_macro   0x0000000000000ce1       0x94 ./drivers/peripheral/gw1ns4c_gpio.o
 .debug_macro   0x0000000000000d75       0x58 ./drivers/peripheral/gw1ns4c_gpio.o
 .debug_macro   0x0000000000000dcd       0x34 ./drivers/peripheral/gw1ns4c_gpio.o
 .debug_macro   0x0000000000000e01       0x1c ./drivers/peripheral/gw1ns4c_gpio.o
 .debug_macro   0x0000000000000e1d       0x6a ./drivers/peripheral/gw1ns4c_gpio.o
 .debug_macro   0x0000000000000e87      0x106 ./drivers/peripheral/gw1ns4c_misc.o
 .debug_macro   0x0000000000000f8d       0x2e ./drivers/peripheral/gw1ns4c_misc.o
 .debug_macro   0x0000000000000fbb      0x100 ./drivers/peripheral/gw1ns4c_spi.o
 .debug_macro   0x00000000000010bb       0x8e ./drivers/peripheral/gw1ns4c_spi.o
 .debug_macro   0x0000000000001149      0x100 ./drivers/peripheral/gw1ns4c_uart.o
 .debug_macro   0x0000000000001249       0x76 ./drivers/peripheral/gw1ns4c_uart.o
 .debug_macro   0x00000000000012bf      0x122 ./usr/src/gw1ns4c_it.o
 .debug_macro   0x00000000000013e1       0x46 ./usr/src/gw1ns4c_it.o
 .debug_macro   0x0000000000001427       0x46 ./usr/src/gw1ns4c_it.o
 .debug_macro   0x000000000000146d      0x118 ./usr/src/main.o
 .debug_macro   0x0000000000001585      0x178 ./usr/src/scd.o
 .debug_macro   0x00000000000016fd       0x40 ./usr/src/scd.o
 .debug_macro   0x000000000000173d       0x4c ./usr/src/scd.o
 .debug_macro   0x0000000000001789      0x147 ./usr/src/scd_reg.o
 .debug_macro   0x00000000000018d0       0x61 ./usr/src/scd_reg.o
 .debug_macro   0x0000000000001931      0x19b ./usr/src/scd_reg.o
 .debug_macro   0x0000000000001acc       0xfc ./usr/sys/system_gw1ns4c.o

.debug_line     0x0000000000000000     0x5399
 .debug_line    0x0000000000000000      0x99c ./drivers/peripheral/gw1ns4c_gpio.o
 .debug_line    0x000000000000099c      0x685 ./drivers/peripheral/gw1ns4c_misc.o
 .debug_line    0x0000000000001021      0x8d4 ./drivers/peripheral/gw1ns4c_spi.o
 .debug_line    0x00000000000018f5      0x8d3 ./drivers/peripheral/gw1ns4c_uart.o
 .debug_line    0x00000000000021c8      0xb34 ./usr/src/gw1ns4c_it.o
 .debug_line    0x0000000000002cfc      0x7c6 ./usr/src/main.o
 .debug_line    0x00000000000034c2     0x130b ./usr/src/scd.o
 .debug_line    0x00000000000047cd      0x593 ./usr/src/scd_reg.o
 .debug_line    0x0000000000004d60       0x8a ./usr/startup_gw1ns4c.o
 .debug_line    0x0000000000004dea      0x5af ./usr/sys/system_gw1ns4c.o

.debug_str      0x0000000000000000     0xe565
 .debug_str     0x0000000000000000     0x89d2 ./drivers/peripheral/gw1ns4c_gpio.o
                                       0x8b46 (size before relaxing)
 .debug_str     0x00000000000089d2      0x25e ./drivers/peripheral/gw1ns4c_misc.o
                                       0x8a87 (size before relaxing)
 .debug_str     0x0000000000008c30      0x248 ./drivers/peripheral/gw1ns4c_spi.o
                                       0x8a82 (size before relaxing)
 .debug_str     0x0000000000008e78      0x2fa ./drivers/peripheral/gw1ns4c_uart.o
                                       0x8b6d (size before relaxing)
 .debug_str     0x0000000000009172      0x676 ./usr/src/gw1ns4c_it.o
                                       0x8f29 (size before relaxing)
 .debug_str     0x00000000000097e8      0x31b ./usr/src/main.o
                                       0x93ad (size before relaxing)
 .debug_str     0x0000000000009b03      0x6a7 ./usr/src/scd.o
                                       0x471b (size before relaxing)
 .debug_str     0x000000000000a1aa     0x432d ./usr/src/scd_reg.o
                                       0x8421 (size before relaxing)
 .debug_str     0x000000000000e4d7       0x25 ./usr/startup_gw1ns4c.o
                                         0x4b (size before relaxing)
 .debug_str     0x000000000000e4fc       0x69 ./usr/sys/system_gw1ns4c.o
                                       0x8891 (size before relaxing)

.debug_frame    0x0000000000000000      0xbec
 .debug_frame   0x0000000000000000      0x15c ./drivers/peripheral/gw1ns4c_gpio.o
 .debug_frame   0x000000000000015c       0x5c ./drivers/peripheral/gw1ns4c_misc.o
 .debug_frame   0x00000000000001b8      0x1a0 ./drivers/peripheral/gw1ns4c_spi.o
 .debug_frame   0x0000000000000358      0x168 ./drivers/peripheral/gw1ns4c_uart.o
 .debug_frame   0x00000000000004c0      0x274 ./usr/src/gw1ns4c_it.o
 .debug_frame   0x0000000000000734       0x9c ./usr/src/main.o
 .debug_frame   0x00000000000007d0      0x1d0 ./usr/src/scd.o
 .debug_frame   0x00000000000009a0       0x20 ./usr/src/scd_reg.o
 .debug_frame   0x00000000000009c0       0x30 ./usr/sys/system_gw1ns4c.o
 .debug_frame   0x00000000000009f0       0x28 C:/ST/STM32CubeIDE_1.14.1/STM32CubeIDE/plugins/com.st.stm32cube.ide.mcu.externaltools.gnu-tools-for-stm32.11.3.rel1.win32_1.1.100.202309141235/tools/bin/../lib/gcc/arm-none-eabi/11.3.1/../../../../arm-none-eabi/lib/thumb/v7-m/nofp\libc_nano.a(libc_a-exit.o)
 .debug_frame   0x0000000000000a18      0x144 C:/ST/STM32CubeIDE_1.14.1/STM32CubeIDE/plugins/com.st.stm32cube.ide.mcu.externaltools.gnu-tools-for-stm32.11.3.rel1.win32_1.1.100.202309141235/tools/bin/../lib/gcc/arm-none-eabi/11.3.1/../../../../arm-none-eabi/lib/thumb/v7-m/nofp\libc_nano.a(libc_a-findfp.o)
 .debug_frame   0x0000000000000b5c       0x24 C:/ST/STM32CubeIDE_1.14.1/STM32CubeIDE/plugins/com.st.stm32cube.ide.mcu.externaltools.gnu-tools-for-stm32.11.3.rel1.win32_1.1.100.202309141235/tools/bin/../lib/gcc/arm-none-eabi/11.3.1/thumb/v7-m/nofp\libgcc.a(_arm_mulsf3.o)
 .debug_frame   0x0000000000000b80       0x4c C:/ST/STM32CubeIDE_1.14.1/STM32CubeIDE/plugins/com.st.stm32cube.ide.mcu.externaltools.gnu-tools-for-stm32.11.3.rel1.win32_1.1.100.202309141235/tools/bin/../lib/gcc/arm-none-eabi/11.3.1/thumb/v7-m/nofp\libgcc.a(_arm_addsubsf3.o)
 .debug_frame   0x0000000000000bcc       0x20 C:/ST/STM32CubeIDE_1.14.1/STM32CubeIDE/plugins/com.st.stm32cube.ide.mcu.externaltools.gnu-tools-for-stm32.11.3.rel1.win32_1.1.100.202309141235/tools/bin/../lib/gcc/arm-none-eabi/11.3.1/../../../../arm-none-eabi/lib/thumb/v7-m/nofp\libnosys.a(_exit.o)

.debug_line_str
                0x0000000000000000       0x3f
 .debug_line_str
                0x0000000000000000       0x3f ./usr/startup_gw1ns4c.o
                                         0x51 (size before relaxing)
