..\drivers\peripheral\gw1ns4c_i2c.c:22:6:I2C_UnEnable	0	static
..\drivers\peripheral\gw1ns4c_i2c.c:32:6:I2C_Enable	0	static
..\drivers\peripheral\gw1ns4c_i2c.c:43:10:I2C_Rate_Set	0	static
..\drivers\peripheral\gw1ns4c_i2c.c:58:6:Delay_ms_i2c	8	static
..\drivers\peripheral\gw1ns4c_i2c.c:69:13:I2C_Init	8	static
..\drivers\peripheral\gw1ns4c_i2c.c:95:6:I2C_SendByte	0	static
..\drivers\peripheral\gw1ns4c_i2c.c:125:6:I2C_SendData	16	static
..\drivers\peripheral\gw1ns4c_i2c.c:166:9:I2C_ReceiveByte	8	static
..\drivers\peripheral\gw1ns4c_i2c.c:201:6:I2C_ReceiveData	20	static
..\drivers\peripheral\gw1ns4c_i2c.c:246:6:I2C_SendBytes	32	static
..\drivers\peripheral\gw1ns4c_i2c.c:265:6:I2C_ReadBytes	32	static
..\drivers\peripheral\gw1ns4c_i2c.c:279:6:I2C_InterruptOpen	0	static
..\drivers\peripheral\gw1ns4c_i2c.c:288:6:I2C_InterruptClose	0	static
