../drivers/peripheral/gw1ns4c_uart.c:23:13:UART_Init	0	static
../drivers/peripheral/gw1ns4c_uart.c:100:12:UART_GetRxBufferFull	0	static
../drivers/peripheral/gw1ns4c_uart.c:112:12:UART_GetTxBufferFull	0	static
../drivers/peripheral/gw1ns4c_uart.c:124:12:UART_GetRxBufferOverrunStatus	0	static
../drivers/peripheral/gw1ns4c_uart.c:136:12:UART_GetTxBufferOverrunStatus	0	static
../drivers/peripheral/gw1ns4c_uart.c:146:6:UART_ClearRxBufferOverrunStatus	0	static
../drivers/peripheral/gw1ns4c_uart.c:156:6:UART_ClearTxBufferOverrunStatus	0	static
../drivers/peripheral/gw1ns4c_uart.c:167:6:UART_SendChar	0	static
../drivers/peripheral/gw1ns4c_uart.c:179:6:UART_SendString	8	static
../drivers/peripheral/gw1ns4c_uart.c:195:6:UART_ReceiveChar	0	static
../drivers/peripheral/gw1ns4c_uart.c:208:10:UART_GetBaudDivider	0	static
../drivers/peripheral/gw1ns4c_uart.c:220:10:UART_GetTxIRQStatus	0	static
../drivers/peripheral/gw1ns4c_uart.c:232:10:UART_GetRxIRQStatus	0	static
../drivers/peripheral/gw1ns4c_uart.c:242:6:UART_ClearTxIRQ	0	static
../drivers/peripheral/gw1ns4c_uart.c:252:6:UART_ClearRxIRQ	0	static
../drivers/peripheral/gw1ns4c_uart.c:264:10:UART_GetTxOverrunIRQStatus	0	static
../drivers/peripheral/gw1ns4c_uart.c:276:10:UART_GetRxOverrunIRQStatus	0	static
../drivers/peripheral/gw1ns4c_uart.c:286:6:UART_ClearTxOverrunIRQ	0	static
../drivers/peripheral/gw1ns4c_uart.c:296:6:UART_ClearRxOverrunIRQ	0	static
../drivers/peripheral/gw1ns4c_uart.c:306:6:UART_SetHSTM	0	static
../drivers/peripheral/gw1ns4c_uart.c:316:6:UART_ClrHSTM	0	static
