..\usr\src\gw1ns4c_it.c:17:6:NMI_Handler	0	static
..\usr\src\gw1ns4c_it.c:24:6:HardFault_Handler	0	static
..\usr\src\gw1ns4c_it.c:31:6:MemManage_Handler	0	static
..\usr\src\gw1ns4c_it.c:38:6:BusFault_Handler	0	static
..\usr\src\gw1ns4c_it.c:45:6:UsageFault_Handler	0	static
..\usr\src\gw1ns4c_it.c:52:6:SVC_Handler	0	static
..\usr\src\gw1ns4c_it.c:59:6:DebugMon_Handler	0	static
..\usr\src\gw1ns4c_it.c:66:6:PendSV_Handler	0	static
..\usr\src\gw1ns4c_it.c:73:6:SysTick_Handler	8	static
..\usr\src\gw1ns4c_it.c:100:6:USER_INT0_Handler	0	static
..\usr\src\gw1ns4c_it.c:107:6:USER_INT1_Handler	0	static
..\usr\src\gw1ns4c_it.c:114:6:USER_INT2_Handler	0	static
..\usr\src\gw1ns4c_it.c:121:6:USER_INT3_Handler	0	static
..\usr\src\gw1ns4c_it.c:128:6:USER_INT4_Handler	0	static
..\usr\src\gw1ns4c_it.c:135:6:USER_INT5_Handler	0	static
..\usr\src\gw1ns4c_it.c:142:6:UART0_Handler	8	static
..\usr\src\gw1ns4c_it.c:151:6:UART1_Handler	0	static
..\usr\src\gw1ns4c_it.c:158:6:TIMER0_Handler	0	static
..\usr\src\gw1ns4c_it.c:165:6:TIMER1_Handler	0	static
..\usr\src\gw1ns4c_it.c:172:6:I2C_Handler	0	static
..\usr\src\gw1ns4c_it.c:179:6:RTC_Handler	0	static
..\usr\src\gw1ns4c_it.c:186:6:PORT0_0_Handler	0	static
..\usr\src\gw1ns4c_it.c:193:6:PORT0_1_Handler	0	static
..\usr\src\gw1ns4c_it.c:200:6:PORT0_2_Handler	0	static
..\usr\src\gw1ns4c_it.c:207:6:PORT0_3_Handler	0	static
..\usr\src\gw1ns4c_it.c:214:6:PORT0_4_Handler	0	static
..\usr\src\gw1ns4c_it.c:221:6:PORT0_5_Handler	0	static
..\usr\src\gw1ns4c_it.c:228:6:PORT0_6_Handler	0	static
..\usr\src\gw1ns4c_it.c:235:6:PORT0_7_Handler	0	static
..\usr\src\gw1ns4c_it.c:242:6:PORT0_8_Handler	0	static
..\usr\src\gw1ns4c_it.c:249:6:PORT0_9_Handler	0	static
..\usr\src\gw1ns4c_it.c:256:6:PORT0_10_Handler	0	static
..\usr\src\gw1ns4c_it.c:263:6:PORT0_11_Handler	0	static
..\usr\src\gw1ns4c_it.c:270:6:PORT0_12_Handler	0	static
..\usr\src\gw1ns4c_it.c:277:6:PORT0_13_Handler	0	static
..\usr\src\gw1ns4c_it.c:284:6:PORT0_14_Handler	0	static
..\usr\src\gw1ns4c_it.c:291:6:PORT0_15_Handler	0	static
