../usr/src/gw1ns4c_it.c:16:6:NMI_Handler	0	static
../usr/src/gw1ns4c_it.c:23:6:HardFault_Handler	0	static
../usr/src/gw1ns4c_it.c:30:6:MemManage_Handler	0	static
../usr/src/gw1ns4c_it.c:37:6:BusFault_Handler	0	static
../usr/src/gw1ns4c_it.c:44:6:UsageFault_Handler	0	static
../usr/src/gw1ns4c_it.c:51:6:SVC_Handler	0	static
../usr/src/gw1ns4c_it.c:58:6:DebugMon_Handler	0	static
../usr/src/gw1ns4c_it.c:65:6:PendSV_Handler	0	static
../usr/src/gw1ns4c_it.c:72:6:delay_c	8	static
../usr/src/gw1ns4c_it.c:77:6:SysTick_Handler	8	static
../usr/src/gw1ns4c_it.c:104:6:USER_INT0_Handler	0	static
../usr/src/gw1ns4c_it.c:111:6:USER_INT1_Handler	0	static
../usr/src/gw1ns4c_it.c:118:6:USER_INT2_Handler	0	static
../usr/src/gw1ns4c_it.c:125:6:USER_INT3_Handler	0	static
../usr/src/gw1ns4c_it.c:132:6:USER_INT4_Handler	0	static
../usr/src/gw1ns4c_it.c:139:6:USER_INT5_Handler	0	static
../usr/src/gw1ns4c_it.c:146:6:UART0_Handler	8	static
../usr/src/gw1ns4c_it.c:155:6:UART1_Handler	0	static
../usr/src/gw1ns4c_it.c:162:6:TIMER0_Handler	0	static
../usr/src/gw1ns4c_it.c:169:6:TIMER1_Handler	0	static
../usr/src/gw1ns4c_it.c:176:6:I2C_Handler	0	static
../usr/src/gw1ns4c_it.c:183:6:RTC_Handler	0	static
../usr/src/gw1ns4c_it.c:190:6:PORT0_0_Handler	0	static
../usr/src/gw1ns4c_it.c:197:6:PORT0_1_Handler	0	static
../usr/src/gw1ns4c_it.c:204:6:PORT0_2_Handler	0	static
../usr/src/gw1ns4c_it.c:211:6:PORT0_3_Handler	0	static
../usr/src/gw1ns4c_it.c:218:6:PORT0_4_Handler	0	static
../usr/src/gw1ns4c_it.c:225:6:PORT0_5_Handler	0	static
../usr/src/gw1ns4c_it.c:232:6:PORT0_6_Handler	0	static
../usr/src/gw1ns4c_it.c:239:6:PORT0_7_Handler	0	static
../usr/src/gw1ns4c_it.c:246:6:PORT0_8_Handler	0	static
../usr/src/gw1ns4c_it.c:253:6:PORT0_9_Handler	0	static
../usr/src/gw1ns4c_it.c:260:6:PORT0_10_Handler	0	static
../usr/src/gw1ns4c_it.c:267:6:PORT0_11_Handler	0	static
../usr/src/gw1ns4c_it.c:274:6:PORT0_12_Handler	0	static
../usr/src/gw1ns4c_it.c:281:6:PORT0_13_Handler	0	static
../usr/src/gw1ns4c_it.c:288:6:PORT0_14_Handler	0	static
../usr/src/gw1ns4c_it.c:295:6:PORT0_15_Handler	0	static
